rohit@LAPTOP-UK22UPCI MINGW64 /e/complete web development boatcamp/DANCE WEBSITE
$ git config --global user.name Rohit

rohit@LAPTOP-UK22UPCI MINGW64 /e/complete web development boatcamp/DANCE WEBSITE
$ git config --global user.email "rohitrathorebanda123@gmail.com"

rohit@LAPTOP-UK22UPCI MINGW64 /e/complete web development boatcamp/DANCE WEBSITE
$ touch .gitignore

rohit@LAPTOP-UK22UPCI MINGW64 /e/complete web development boatcamp/DANCE WEBSITE
$ git init
Initialized empty Git repository in E:/complete web development boatcamp/DANCE WEBSITE/.git/

rohit@LAPTOP-UK22UPCI MINGW64 /e/complete web development boatcamp/DANCE WEBSITE (master)
$ git add .
warning: in the working copy of 'package-lock.json', LF will be replaced by CRLF the next time Git touches it
warning: in the working copy of 'package.json', LF will be replaced by CRLF the next time Git touches it

rohit@LAPTOP-UK22UPCI MINGW64 /e/complete web development boatcamp/DANCE WEBSITE (master)
$ git commit -m "Initial commit"
[master (root-commit) 9fb8061] Initial commit
 19 files changed, 1620 insertions(+)
 create mode 100644 .gitignore
 create mode 100644 app.js
 create mode 100644 package-lock.json
 create mode 100644 package.json
 create mode 100644 static/apple.jpg
 create mode 100644 static/bg.jpg.jpg
 create mode 100644 static/bg1.jpg
 create mode 100644 static/bg2.jpg
 create mode 100644 static/goole.jpg
 create mode 100644 static/index.js
 create mode 100644 static/insta.jpg
 create mode 100644 static/logo.jpg
 create mode 100644 static/micro.jpg
 create mode 100644 static/style.css
 create mode 100644 static/styleContact.css
 create mode 100644 views/base.pug
 create mode 100644 views/contact.pug
 create mode 100644 views/home.pug
 create mode 100644 views/index.pug

rohit@LAPTOP-UK22UPCI MINGW64 /e/complete web development boatcamp/DANCE WEBSITE (master)
$ git status
On branch master
nothing to commit, working tree clean

rohit@LAPTOP-UK22UPCI MINGW64 /e/complete web development boatcamp/DANCE WEBSITE (master)
$ git remote add origin git@github.com:RohitRothore/DanceWebsite.git

rohit@LAPTOP-UK22UPCI MINGW64 /e/complete web development boatcamp/DANCE WEBSITE (master)
$ git push origin master
The authenticity of host 'github.com (20.207.73.82)' can't be established.
ED25519 key fingerprint is SHA256:+DiY3wvvV6TuJJhbpZisF/zLDA0zPMSvHdkr4UvCOqU.
This key is not known by any other names.
Are you sure you want to continue connecting (yes/no/[fingerprint])? yes
Warning: Permanently added 'github.com' (ED25519) to the list of known hosts.
git@github.com: Permission denied (publickey).
fatal: Could not read from remote repository.

Please make sure you have the correct access rights
and the repository exists.

rohit@LAPTOP-UK22UPCI MINGW64 /e/complete web development boatcamp/DANCE WEBSITE (master)
$ ssh-keygen -t ed25519 -C "rohitrathorebanda123@gmail.com"
Generating public/private ed25519 key pair.
Enter file in which to save the key (/c/Users/rohit/.ssh/id_ed25519):
Enter passphrase (empty for no passphrase):
Enter same passphrase again:
Your identification has been saved in /c/Users/rohit/.ssh/id_ed25519
Your public key has been saved in /c/Users/rohit/.ssh/id_ed25519.pub
The key fingerprint is:
SHA256:HD5fihDsfs8t+/cKaV/O+HaSeq4OFAFdcA9/JOztqxU rohitrathorebanda123@gmail.com
The key's randomart image is:
+--[ED25519 256]--+
|        .ooo+.. .|
|     .    .o +.o |
|      o . .  .o..|
|     . + . .  ...|
|      o S . .  E |
|     . . = o .  o|
|      . o + +  oo|
|       . o.+ o**o|
|          +=*B***|
+----[SHA256]-----+

rohit@LAPTOP-UK22UPCI MINGW64 /e/complete web development boatcamp/DANCE WEBSITE (master)
$ cat /c/Users/rohit/.ssh/id_ed25519.pu
cat: /c/Users/rohit/.ssh/id_ed25519.pu: No such file or directory

rohit@LAPTOP-UK22UPCI MINGW64 /e/complete web development boatcamp/DANCE WEBSITE (master)
$ cat /c/Users/rohit/.ssh/id_ed25519.pub
ssh-ed25519 AAAAC3NzaC1lZDI1NTE5AAAAIP4GpcsktdGuqpQMoVPvMUDi4bt65xqpwbU0o+XPXrV7 rohitrathorebanda123@gmail.com

rohit@LAPTOP-UK22UPCI MINGW64 /e/complete web development boatcamp/DANCE WEBSITE (master)
$ ^C

rohit@LAPTOP-UK22UPCI MINGW64 /e/complete web development boatcamp/DANCE WEBSITE (master)
$ git push origin master
Enumerating objects: 23, done.
Counting objects: 100% (23/23), done.
Delta compression using up to 12 threads
Compressing objects: 100% (21/21), done.
Writing objects: 100% (23/23), 9.99 MiB | 390.00 KiB/s, done.
Total 23 (delta 2), reused 0 (delta 0), pack-reused 0
remote: Resolving deltas: 100% (2/2), done.
To github.com:RohitRothore/DanceWebsite.git
 * [new branch]      master -> master

rohit@LAPTOP-UK22UPCI MINGW64 /e/complete web development boatcamp/DANCE WEBSITE (master)
$
